// Jest Snapshot v1, https://goo.gl/fbAQLP

exports[`Hello World 1`] = `
<div
  className="hello"
>
  Hello World
</div>
`;
